# Map file for RoboLab
# (Lines that start with '#' are comments)
#
# The tiles are:
#   A..Z    Tiles A through Z
#   *       Start
#
# Paint strokes kan be added in the according list
# by adding tuples of the form: ([color],[type],[x],[y])
#
# [color] :   w = white
#             b = black
# [type]  :   . = single dot
#             - = horizontal stroke to the right
#             | = vertical stroke down
# [x]     :   integer horizontal position
# [y]     :   integer vertical position
 
paint:
{(w,|,5,13),(w,|,5,12),(w,|,5,11),(w,|,5,10),(w,|,5,9),(w,-,5,9),(w,-,6,9),(w,|,7,8),(w,|,7,7),(w,|,7,6),b,-,7,6),(b,-,8,6),(b,-,9,6),(b,-,10,6),(b,-,11,6),(b,-,12,6),(b,|,13,5),(b,|,13,4),(b,-,13,4),(b,-,14,4),(b,-,15,4),(b,-,16,4),(b,-,17,4),(b,-,18,4),(w,|,19,5),(w,|,19,6),(w,|,19,7),(w,|,19,8),(w,|,19,9),(w,-,18,10),(w,-,17,10),(w,-,16,10),(w,-,15,10),(w,|,15,10),(w,|,15,11),(w,|,15,12),(b,-,14,14),(b,-,13,14),(b,-,12,14),(b,-,11,14),(b,|,11,13)}

map:
CHHHHHHHHHHHHHHHHHHHHHHHHD
GMFFFFFFFFFFFFFFFFFFFFFFJI
GI                      GI
GI                      GI
GI                      GI
GI                      GI
GI                      GI
GI                      GI
GI                      GI
GI                      GI
GI                      GI
GI                      GI
GI         *            GI
GI                      GI
GI   @                  GI
GI                      GI
GLHHHHHHHHHHHHHHHHHHHHHHKI
BFFFFFFFFFFFFFFFFFFFFFFFFE  
